// Jest Snapshot v1, https://goo.gl/fbAQLP

exports[`Books has a valid snapshot 1`] = `
<li
  className="sc-bdVaJa cTHVfh"
>
  <a
    className="sc-htpNat dGvWxu"
    href="https://google.com"
    rel="noopener noreferrer"
    target="_blank"
  >
    <img
      alt="img"
      className="sc-bwzfXH iYNyHm"
      src="#"
    />
  </a>
  <div
    className="sc-bxivhb eBNJKg"
  >
    <div>
      <h1
        className="sc-gzVnrw eikHWq"
        color="darkGrey"
        id={undefined}
        size="h1"
      >
         
        Terrendiul
         
      </h1>
      <h2
        className="sc-htoDjs idWuAl"
        color="darkGrey"
        id={undefined}
        size="h2"
      >
         
        Arnaud
         
      </h2>
      <span
        className="sc-ifAKCX DlCuJ"
        color="darkGrey"
        size="fsLarge"
      >
         rating: 
        3
         
      </span>
    </div>
    <p>
       
      <span
        className="sc-ifAKCX bbNYVw"
        color="darkGrey"
        size="fsMedium"
      >
         
        Book about fantasy
         
      </span>
       
    </p>
    <span
      className="sc-ifAKCX bbNYVw"
      color="darkGrey"
      size="fsMedium"
    >
       Category: 
      Fantasy
       
    </span>
  </div>
</li>
`;
