// Jest Snapshot v1, https://goo.gl/fbAQLP

exports[`Books info has a valid snapshot 1`] = `
<div
  className="sc-bdVaJa fePDys"
>
  <div>
    <h1
      className="sc-ifAKCX cHGRBc"
      color="darkGrey"
      id={undefined}
      size="h1"
    >
       
      Terrendiul
       
    </h1>
    <h2
      className="sc-EHOje boPmQa"
      color="darkGrey"
      id={undefined}
      size="h2"
    >
       
      Arnaud
       
    </h2>
    <span
      className="sc-bwzfXH iVZgoT"
      color="darkGrey"
      size="fsLarge"
    >
       rating: 
      3
       
    </span>
  </div>
  <p>
     
    <span
      className="sc-bwzfXH fkrTKN"
      color="darkGrey"
      size="fsMedium"
    >
       
      Book about fantasy
       
    </span>
     
  </p>
  <span
    className="sc-bwzfXH fkrTKN"
    color="darkGrey"
    size="fsMedium"
  >
     Category: 
    Fantasy
     
  </span>
</div>
`;
